============================================================
AMR Integration Test
============================================================

≡ƒôï Pre-flight checks
  Γ£à test.fasta exists
  Γ£à gene_scanner.exe exists

≡ƒÜÇ Starting backend serverΓÇª
  Γ£à Backend server started

≡ƒÅÑ Health check
  Γ£à GET / returns 200
  Γ£à GET / returns {status: ok}

≡ƒôñ Upload test.fasta
  Γ£à POST /upload-fasta returns 200

≡ƒôª Response JSON:
{
  "file_id": "163d4f01-2327-449f-a5ec-051f5ca55ec1",
  "filename": "test.fasta",
  "num_sequences": 2,
  "genes_detected": [
    1,
    1,
    0,
    0,
    0
  ],
  "predictions": {
    "ampicillin": "Resistant",
    "ciprofloxacin": "Resistant",
    "amoxicillin/clavulanic acid": "Susceptible",
    "cefotaxime": "Susceptible",
    "trimethoprim/sulfamethoxazole": "Resistant",
    "ceftazidime": "Resistant",
    "tetracycline": "Resistant",
    "gentamicin": "Resistant",
    "ceftriaxone": "Susceptible",
    "trimethoprim": "Resistant",
    "cefuroxime": "Susceptible",
    "nalidixic acid": "Susceptible",
    "chloramphenicol": "Resistant",
    "piperacillin/tazobactam": "Susceptible"
  },
  "warnings": [
    "Critical resistance gene (blaTEM-1) detected \u2014 ciprofloxacin forced to Resistant."
  ],
  "anomaly": false,
  "message": "File uploaded, scanned, and analyzed successfully."
}

≡ƒöì Validating response structure
  Γ£à Key 'file_id' present
  Γ£à Key 'filename' present
  Γ£à Key 'num_sequences' present
  Γ£à Key 'genes_detected' present
  Γ£à Key 'predictions' present
  Γ£à Key 'warnings' present
  Γ£à Key 'anomaly' present
  Γ£à Key 'message' present
  Γ£à file_id is a string
  Γ£à filename is 'test.fasta'
  Γ£à num_sequences is int
  Γ£à genes_detected is a list
  Γ£à predictions is a dict
  Γ£à warnings is a list
  Γ£à anomaly is a bool
  Γ£à message is a string

≡ƒº¼ Validating predictions
  Γ£à predictions is non-empty
  Γ£à   ampicillin = Resistant
  Γ£à   ciprofloxacin = Resistant
  Γ£à   amoxicillin/clavulanic acid = Susceptible
  Γ£à   cefotaxime = Susceptible
  Γ£à   trimethoprim/sulfamethoxazole = Resistant
  Γ£à   ceftazidime = Resistant
  Γ£à   tetracycline = Resistant
  Γ£à   gentamicin = Resistant
  Γ£à   ceftriaxone = Susceptible
  Γ£à   trimethoprim = Resistant
  Γ£à   cefuroxime = Susceptible
  Γ£à   nalidixic acid = Susceptible
  Γ£à   chloramphenicol = Resistant
  Γ£à   piperacillin/tazobactam = Susceptible
  Γ£à genes_detected has entries
  Γ£à genes_detected are all ints

≡ƒ¢æ Shutting down backendΓÇª

============================================================
Results: 39/39 passed, 0 failed
============================================================
